epoch,batch_idx,data_type,loss,run_time
0,0,train,88.630753,1.34
0,0,val,49.215919,1.47
0,1,val,51.494644,1.48
1,0,train,72.182838,0.12
1,0,val,47.318180,0.23
1,1,val,50.172688,0.24
2,0,train,67.013184,0.15
2,0,val,47.758293,0.27
2,1,val,56.966999,0.28
3,0,train,44.139133,0.11
3,0,val,46.174667,0.23
3,1,val,49.123158,0.24
4,0,train,50.362907,0.14
4,0,val,46.117836,0.26
4,1,val,49.091366,0.27
5,0,train,43.275719,0.15
5,0,val,49.144398,0.27
5,1,val,50.259453,0.28
6,0,train,55.086220,0.16
6,0,val,47.137257,0.38
6,1,val,51.286457,0.40
7,0,train,43.571930,0.23
7,0,val,52.360172,0.52
7,1,val,47.510960,0.54
0,0,train,94.685638,0.12
0,0,val,49.109821,0.25
0,1,val,51.937389,0.25
1,0,train,49.702671,0.15
1,0,val,47.002720,0.28
1,1,val,51.463566,0.29
2,0,train,50.011665,0.13
2,0,val,50.678127,0.26
2,1,val,56.860725,0.27
3,0,train,63.506824,0.13
3,0,val,47.407017,0.26
3,1,val,50.832874,0.26
4,0,train,55.584862,0.21
4,0,val,46.217857,0.38
4,1,val,59.379772,0.39
5,0,train,49.544632,0.21
5,0,val,51.253601,0.39
5,1,val,58.021873,0.43
6,0,train,46.552532,0.14
6,0,val,44.970627,0.33
6,1,val,47.073029,0.34
7,0,train,56.553928,0.14
7,0,val,44.474159,0.35
7,1,val,52.540966,0.37
8,0,train,48.157608,0.15
8,0,val,44.705585,0.34
8,1,val,46.286320,0.36
9,0,train,53.569637,0.19
9,0,val,45.172436,0.37
9,1,val,48.745575,0.37
10,0,train,58.385895,0.15
10,0,val,44.251156,0.33
10,1,val,46.065174,0.36
11,0,train,41.144619,0.21
11,0,val,43.518024,0.39
11,1,val,48.127739,0.41
12,0,train,62.431080,0.15
12,0,val,48.806660,0.31
12,1,val,45.361202,0.31
13,0,train,53.565742,0.12
13,0,val,44.956406,0.24
13,1,val,48.863201,0.25
14,0,train,45.068260,0.13
14,0,val,49.344433,0.25
14,1,val,52.252201,0.25
15,0,train,44.106590,0.12
15,0,val,51.260006,0.24
15,1,val,47.805458,0.25
16,0,train,47.652546,0.11
16,0,val,44.443302,0.24
16,1,val,49.929836,0.25
17,0,train,37.622082,0.11
17,0,val,50.864300,0.25
17,1,val,45.342720,0.25
18,0,train,48.690102,0.11
18,0,val,43.621651,0.23
18,1,val,48.807304,0.24
19,0,train,39.564175,0.11
19,0,val,44.674248,0.23
19,1,val,46.439350,0.23
20,0,train,48.602486,0.12
20,0,val,43.966492,0.25
20,1,val,47.297607,0.25
21,0,train,49.235813,0.11
21,0,val,42.490398,0.23
21,1,val,46.720215,0.24
22,0,train,49.504467,0.12
22,0,val,43.343719,0.25
22,1,val,54.787846,0.26
23,0,train,42.061218,0.13
23,0,val,43.318089,0.26
23,1,val,46.091324,0.27
24,0,train,49.581730,0.11
24,0,val,42.385273,0.23
24,1,val,46.913097,0.23
25,0,train,38.407681,0.11
25,0,val,42.835670,0.23
25,1,val,45.725792,0.24
26,0,train,50.376198,0.14
26,0,val,47.732540,0.26
26,1,val,45.884682,0.27
27,0,train,57.893932,0.11
27,0,val,45.904106,0.23
27,1,val,44.683945,0.23
28,0,train,46.315296,0.11
28,0,val,49.027748,0.23
28,1,val,47.008270,0.24
29,0,train,43.397907,0.13
29,0,val,42.121944,0.32
29,1,val,44.830154,0.33
30,0,train,40.136925,0.14
30,0,val,42.739906,0.34
30,1,val,46.079441,0.35
31,0,train,34.035130,0.20
31,0,val,41.768719,0.32
31,1,val,47.197334,0.32
32,0,train,38.922321,0.13
32,0,val,44.272511,0.26
32,1,val,44.931347,0.28
33,0,train,36.680851,0.14
33,0,val,51.548615,0.27
33,1,val,44.935444,0.27
34,0,train,44.793064,0.12
34,0,val,41.524330,0.29
34,1,val,44.857807,0.29
35,0,train,35.125233,0.13
35,0,val,43.387363,0.27
35,1,val,47.125839,0.27
36,0,train,31.600101,0.13
36,0,val,44.065895,0.26
36,1,val,45.033493,0.27
37,0,train,38.474487,0.11
37,0,val,41.656193,0.26
37,1,val,46.275330,0.28
38,0,train,49.677227,0.14
38,0,val,47.772850,0.31
38,1,val,53.227192,0.33
39,0,train,40.879387,0.21
39,0,val,46.818130,0.42
39,1,val,46.373474,0.47
40,0,train,56.182343,0.17
40,0,val,43.906693,0.39
40,1,val,48.582809,0.43
41,0,train,48.598530,0.15
41,0,val,43.309246,0.37
41,1,val,52.969509,0.39
42,0,train,32.750912,0.15
42,0,val,43.221024,0.39
42,1,val,45.261116,0.41
43,0,train,32.969116,0.19
43,0,val,41.725147,0.41
43,1,val,44.630386,0.43
44,0,train,46.388512,0.18
44,0,val,44.797359,0.36
44,1,val,48.658756,0.39
45,0,train,35.523148,0.15
45,0,val,41.886955,0.32
45,1,val,43.920803,0.34
46,0,train,43.173092,0.18
46,0,val,42.571716,0.37
46,1,val,48.793530,0.39
47,0,train,47.191143,0.15
47,0,val,41.523289,0.32
47,1,val,54.896530,0.34
48,0,train,38.782051,0.15
48,0,val,47.306427,0.31
48,1,val,45.827610,0.31
49,0,train,58.575584,0.12
49,0,val,48.112942,0.24
49,1,val,45.057724,0.24
50,0,train,35.621071,0.11
50,0,val,51.504196,0.24
50,1,val,46.574905,0.24
51,0,train,46.418343,0.15
51,0,val,46.065773,0.27
51,1,val,44.413818,0.28
52,0,train,42.163708,0.13
52,0,val,41.431427,0.28
52,1,val,58.071396,0.29
53,0,train,43.430508,0.13
53,0,val,43.984608,0.27
53,1,val,43.958645,0.28
54,0,train,42.231567,0.12
54,0,val,43.782936,0.30
54,1,val,44.579643,0.32
55,0,train,46.586380,0.12
55,0,val,41.307869,0.27
55,1,val,51.719696,0.29
56,0,train,52.525131,0.12
56,0,val,44.447746,0.25
56,1,val,50.713699,0.26
57,0,train,44.758671,0.12
57,0,val,41.246593,0.29
57,1,val,48.345066,0.29
58,0,train,41.573303,0.14
58,0,val,41.551289,0.26
58,1,val,46.182228,0.27
59,0,train,30.549747,0.12
59,0,val,42.055672,0.24
59,1,val,52.929882,0.24
60,0,train,39.743229,0.12
60,0,val,42.166103,0.25
60,1,val,44.339245,0.26
61,0,train,37.214516,0.15
61,0,val,45.265736,0.31
61,1,val,44.695251,0.32
62,0,train,50.596474,0.11
62,0,val,41.648880,0.27
62,1,val,49.202301,0.29
63,0,train,41.916843,0.13
63,0,val,42.104408,0.30
63,1,val,43.268147,0.32
64,0,train,33.173859,0.12
64,0,val,41.190788,0.25
64,1,val,48.563553,0.26
65,0,train,63.731907,0.13
65,0,val,41.299252,0.26
65,1,val,43.470482,0.26
66,0,train,39.707024,0.16
66,0,val,40.975784,0.27
66,1,val,44.508026,0.28
67,0,train,34.232784,0.11
67,0,val,41.557896,0.23
67,1,val,44.793610,0.23
68,0,train,46.651375,0.11
68,0,val,41.254120,0.23
68,1,val,44.470798,0.24
69,0,train,36.369869,0.12
69,0,val,41.879471,0.24
69,1,val,44.065189,0.24
70,0,train,37.496567,0.14
70,0,val,42.635048,0.33
70,1,val,48.636814,0.36
71,0,train,35.538246,0.15
71,0,val,41.319221,0.33
71,1,val,43.120461,0.34
72,0,train,39.664577,0.22
72,0,val,41.953587,0.45
72,1,val,44.749741,0.47
73,0,train,38.490288,0.16
73,0,val,41.075119,0.36
73,1,val,43.811317,0.38
74,0,train,54.356819,0.19
74,0,val,41.588276,0.37
74,1,val,50.182034,0.39
75,0,train,50.638981,0.14
75,0,val,44.155140,0.33
75,1,val,47.778809,0.34
76,0,train,30.712162,0.13
76,0,val,41.618759,0.35
76,1,val,43.930286,0.36
77,0,train,39.447941,0.14
77,0,val,41.355907,0.32
77,1,val,49.094402,0.34
78,0,train,42.387688,0.15
78,0,val,41.006435,0.31
78,1,val,43.060070,0.31
79,0,train,47.825249,0.17
79,0,val,40.700905,0.35
79,1,val,43.066650,0.36
80,0,train,37.498535,0.15
80,0,val,40.913357,0.28
80,1,val,43.365444,0.29
81,0,train,31.786190,0.25
81,0,val,41.834679,0.59
81,1,val,43.920700,0.61
82,0,train,36.333229,0.13
82,0,val,46.071644,0.25
82,1,val,44.676758,0.26
83,0,train,37.090294,0.12
83,0,val,40.295849,0.24
83,1,val,43.815838,0.24
84,0,train,40.946266,0.12
84,0,val,44.733963,0.24
84,1,val,43.135628,0.24
85,0,train,42.151012,0.12
85,0,val,41.766724,0.26
85,1,val,43.657333,0.27
86,0,train,39.806171,0.12
86,0,val,44.168076,0.25
86,1,val,43.817898,0.25
87,0,train,37.135254,0.12
87,0,val,40.727028,0.24
87,1,val,45.881470,0.25
88,0,train,49.702633,0.12
88,0,val,41.199081,0.24
88,1,val,51.303219,0.24
89,0,train,44.257412,0.12
89,0,val,41.979538,0.25
89,1,val,58.979286,0.25
90,0,train,40.470051,0.13
90,0,val,41.610851,0.26
90,1,val,45.371906,0.27
91,0,train,34.289490,0.13
91,0,val,40.191231,0.30
91,1,val,42.850876,0.31
92,0,train,49.626408,0.16
92,0,val,41.698906,0.29
92,1,val,42.790306,0.29
93,0,train,40.999004,0.12
93,0,val,40.708775,0.24
93,1,val,51.758610,0.25
94,0,train,30.894968,0.14
94,0,val,43.344727,0.26
94,1,val,44.684425,0.26
95,0,train,46.934658,0.12
95,0,val,41.123432,0.23
95,1,val,43.026577,0.24
96,0,train,38.486370,0.12
96,0,val,40.338085,0.26
96,1,val,51.006859,0.27
97,0,train,28.890230,0.11
97,0,val,42.129665,0.24
97,1,val,43.479897,0.24
98,0,train,38.417366,0.12
98,0,val,40.965012,0.25
98,1,val,43.043644,0.25
99,0,train,42.743851,0.13
99,0,val,40.018986,0.25
99,1,val,45.597397,0.26
100,0,train,39.568619,0.12
100,0,val,40.438980,0.25
100,1,val,42.519638,0.25
101,0,train,43.703667,0.13
101,0,val,40.379337,0.27
101,1,val,43.501385,0.28
102,0,train,50.809685,0.13
102,0,val,41.117851,0.26
102,1,val,51.555202,0.26
103,0,train,43.688210,0.12
103,0,val,39.751446,0.24
103,1,val,44.285591,0.25
104,0,train,43.890484,0.12
104,0,val,42.620655,0.37
104,1,val,43.235519,0.39
105,0,train,33.354412,0.17
105,0,val,39.980892,0.44
105,1,val,42.254005,0.45
106,0,train,32.018539,0.21
106,0,val,49.060688,0.51
106,1,val,49.433414,0.53
107,0,train,34.203728,0.15
107,0,val,40.543552,0.31
107,1,val,48.626812,0.32
108,0,train,40.992420,0.16
108,0,val,41.317055,0.35
108,1,val,42.929405,0.37
109,0,train,44.337200,0.15
109,0,val,40.342266,0.33
109,1,val,43.561794,0.35
110,0,train,49.293694,0.15
110,0,val,40.638493,0.35
110,1,val,44.172272,0.38
111,0,train,25.533762,0.15
111,0,val,42.561722,0.32
111,1,val,42.994518,0.34
112,0,train,47.219498,0.19
112,0,val,40.452446,0.38
112,1,val,44.207966,0.39
113,0,train,36.260876,0.16
113,0,val,41.006386,0.35
113,1,val,46.395485,0.38
114,0,train,31.846182,0.17
114,0,val,41.228260,0.44
114,1,val,43.235428,0.46
115,0,train,30.003799,0.19
115,0,val,43.684494,0.40
115,1,val,53.211926,0.42
116,0,train,38.709480,0.13
116,0,val,42.989670,0.28
116,1,val,42.809856,0.29
117,0,train,41.638760,0.12
117,0,val,41.378487,0.29
117,1,val,48.336777,0.31
118,0,train,40.834728,0.12
118,0,val,42.248505,0.24
118,1,val,44.023167,0.25
119,0,train,28.123672,0.11
119,0,val,40.186192,0.23
119,1,val,43.104866,0.24
120,0,train,29.604017,0.13
120,0,val,40.798698,0.26
120,1,val,43.187820,0.27
121,0,train,43.046650,0.15
121,0,val,42.259842,0.28
121,1,val,43.290447,0.28
122,0,train,33.353554,0.14
122,0,val,40.752548,0.29
122,1,val,45.895351,0.32
123,0,train,32.616856,0.17
123,0,val,47.106953,0.35
123,1,val,42.234558,0.37
124,0,train,41.769878,0.15
124,0,val,40.988232,0.31
124,1,val,43.195518,0.32
125,0,train,36.004036,0.13
125,0,val,41.308594,0.25
125,1,val,43.332146,0.26
126,0,train,43.978352,0.14
126,0,val,42.290279,0.27
126,1,val,43.789619,0.28
127,0,train,34.008682,0.12
127,0,val,43.818302,0.26
127,1,val,42.779533,0.27
128,0,train,39.826458,0.13
128,0,val,40.767857,0.30
128,1,val,47.213268,0.30
129,0,train,27.416939,0.15
129,0,val,42.670391,0.31
129,1,val,42.692123,0.31
130,0,train,29.371408,0.18
130,0,val,40.058228,0.32
130,1,val,43.122543,0.33
131,0,train,29.687263,0.14
131,0,val,41.772686,0.26
131,1,val,45.037197,0.27
132,0,train,36.199516,0.12
132,0,val,43.337177,0.30
132,1,val,45.282513,0.32
133,0,train,32.761372,0.16
133,0,val,39.754696,0.32
133,1,val,43.019196,0.35
134,0,train,40.812588,0.18
134,0,val,46.311287,0.37
134,1,val,51.636700,0.40
135,0,train,36.280403,0.13
135,0,val,41.527786,0.32
135,1,val,43.253159,0.34
136,0,train,28.834032,0.14
136,0,val,41.285770,0.34
136,1,val,44.167126,0.37
137,0,train,24.287338,0.15
137,0,val,41.407688,0.35
137,1,val,43.664604,0.37
138,0,train,32.940884,0.15
138,0,val,50.499859,0.34
138,1,val,42.840061,0.36
139,0,train,33.252308,0.14
139,0,val,42.672562,0.32
139,1,val,45.358315,0.34
140,0,train,29.758108,0.14
140,0,val,39.971733,0.37
140,1,val,46.119930,0.39
141,0,train,30.165503,0.16
141,0,val,39.771786,0.34
141,1,val,42.895241,0.36
142,0,train,33.484436,0.15
142,0,val,40.133595,0.32
142,1,val,43.584377,0.34
143,0,train,35.896336,0.17
143,0,val,40.061268,0.33
143,1,val,43.202648,0.34
144,0,train,32.188026,0.16
144,0,val,41.640545,0.33
144,1,val,43.209270,0.35
145,0,train,52.131039,0.12
145,0,val,46.597637,0.24
145,1,val,43.645153,0.25
146,0,train,35.555401,0.13
146,0,val,44.383121,0.26
146,1,val,42.298313,0.26
147,0,train,40.931126,0.11
147,0,val,40.368195,0.23
147,1,val,42.926147,0.24
148,0,train,26.602556,0.12
148,0,val,41.114853,0.27
148,1,val,51.386574,0.30
149,0,train,42.610344,0.11
149,0,val,40.420681,0.25
149,1,val,45.778545,0.25
150,0,train,28.554016,0.12
150,0,val,41.356949,0.24
150,1,val,46.207790,0.25
151,0,train,35.927338,0.14
151,0,val,50.116997,0.27
151,1,val,45.041645,0.27
152,0,train,30.510986,0.13
152,0,val,44.159985,0.29
152,1,val,42.656986,0.30
153,0,train,43.465099,0.11
153,0,val,42.915359,0.30
153,1,val,50.670990,0.32
154,0,train,36.161144,0.14
154,0,val,43.640053,0.31
154,1,val,42.979759,0.33
155,0,train,43.894562,0.14
155,0,val,39.752197,0.32
155,1,val,43.098389,0.33
156,0,train,43.864326,0.16
156,0,val,42.463146,0.37
156,1,val,52.051579,0.39
157,0,train,34.897823,0.15
157,0,val,39.787449,0.30
157,1,val,42.496021,0.31
158,0,train,35.874279,0.11
158,0,val,42.327023,0.24
158,1,val,45.247147,0.24
159,0,train,29.432096,0.11
159,0,val,42.238407,0.24
159,1,val,42.809654,0.24
160,0,train,35.365124,0.12
160,0,val,39.468761,0.26
160,1,val,47.588482,0.27
161,0,train,42.115723,0.14
161,0,val,39.539833,0.26
161,1,val,50.546795,0.26
162,0,train,37.074085,0.13
162,0,val,41.546627,0.26
162,1,val,42.690220,0.26
163,0,train,37.787395,0.11
163,0,val,41.393692,0.24
163,1,val,42.369884,0.24
164,0,train,40.347034,0.12
164,0,val,41.440243,0.24
164,1,val,43.454571,0.25
165,0,train,44.998936,0.11
165,0,val,39.103832,0.26
165,1,val,45.075291,0.26
166,0,train,40.004456,0.11
166,0,val,41.576557,0.23
166,1,val,41.832638,0.24
167,0,train,43.703918,0.13
167,0,val,39.452709,0.26
167,1,val,42.987949,0.27
168,0,train,37.369118,0.12
168,0,val,47.558083,0.25
168,1,val,42.245579,0.25
169,0,train,38.768242,0.16
169,0,val,39.332283,0.31
169,1,val,43.043835,0.33
170,0,train,38.435513,0.19
170,0,val,39.272476,0.32
170,1,val,42.519115,0.32
171,0,train,29.601007,0.21
171,0,val,39.349842,0.41
171,1,val,41.995148,0.44
172,0,train,27.431868,0.19
172,0,val,39.964909,0.36
172,1,val,41.935627,0.37
173,0,train,46.124424,0.15
173,0,val,46.836380,0.37
173,1,val,43.618317,0.38
174,0,train,37.679317,0.15
174,0,val,40.822224,0.34
174,1,val,43.017441,0.37
175,0,train,33.523315,0.14
175,0,val,40.152466,0.33
175,1,val,42.035187,0.36
176,0,train,29.830856,0.18
176,0,val,40.572407,0.43
176,1,val,43.107872,0.44
177,0,train,40.957508,0.18
177,0,val,38.821079,0.43
177,1,val,44.766762,0.46
178,0,train,39.033539,0.24
178,0,val,39.301334,0.48
178,1,val,42.059414,0.50
179,0,train,35.817902,0.16
179,0,val,39.248142,0.35
179,1,val,42.936195,0.37
180,0,train,33.712433,0.15
180,0,val,39.384792,0.32
180,1,val,42.954163,0.34
181,0,train,25.820770,0.11
181,0,val,41.252964,0.30
181,1,val,41.782360,0.31
182,0,train,24.814938,0.12
182,0,val,42.722481,0.26
182,1,val,42.950344,0.26
183,0,train,35.823704,0.14
183,0,val,48.581596,0.28
183,1,val,42.373405,0.29
184,0,train,34.499271,0.12
184,0,val,39.399937,0.27
184,1,val,42.129513,0.28
185,0,train,61.059994,0.13
185,0,val,40.284588,0.30
185,1,val,44.050259,0.31
186,0,train,27.374884,0.13
186,0,val,39.375523,0.27
186,1,val,47.848976,0.27
187,0,train,23.793919,0.12
187,0,val,39.378246,0.25
187,1,val,44.350624,0.25
188,0,train,39.105297,0.12
188,0,val,40.320263,0.24
188,1,val,43.075825,0.25
189,0,train,25.056280,0.12
189,0,val,39.843777,0.24
189,1,val,42.541985,0.25
190,0,train,32.630295,0.14
190,0,val,39.090649,0.30
190,1,val,42.990067,0.32
191,0,train,36.049843,0.15
191,0,val,44.715508,0.30
191,1,val,43.909409,0.31
192,0,train,38.772881,0.16
192,0,val,51.913391,0.30
192,1,val,42.693966,0.31
193,0,train,36.943466,0.16
193,0,val,39.830067,0.29
193,1,val,42.104206,0.30
194,0,train,23.712677,0.13
194,0,val,39.862602,0.26
194,1,val,53.496449,0.27
195,0,train,34.308945,0.13
195,0,val,40.959454,0.26
195,1,val,44.343086,0.27
196,0,train,30.271467,0.13
196,0,val,40.261326,0.26
196,1,val,44.107136,0.26
197,0,train,26.280460,0.12
197,0,val,40.338181,0.26
197,1,val,41.712334,0.26
198,0,train,33.268085,0.12
198,0,val,41.189896,0.24
198,1,val,44.931736,0.25
199,0,train,34.884060,0.36
199,0,val,39.655865,0.49
199,1,val,44.685646,0.49
200,0,train,47.970291,0.17
200,0,val,45.020538,0.33
200,1,val,43.517956,0.34
201,0,train,40.677193,0.13
201,0,val,44.550064,0.25
201,1,val,42.169384,0.26
202,0,train,39.683159,0.12
202,0,val,39.923744,0.25
202,1,val,41.973850,0.25
203,0,train,29.181561,0.13
203,0,val,42.911125,0.30
203,1,val,41.749737,0.32
204,0,train,41.528454,0.16
204,0,val,40.694328,0.34
204,1,val,42.125511,0.36
205,0,train,32.268654,0.17
205,0,val,42.599998,0.38
205,1,val,43.624985,0.39
206,0,train,26.076542,0.14
206,0,val,42.297588,0.35
206,1,val,41.575947,0.37
207,0,train,25.665535,0.15
207,0,val,39.248138,0.34
207,1,val,41.499603,0.36
208,0,train,29.918301,0.21
208,0,val,44.157284,0.46
208,1,val,43.000095,0.50
209,0,train,30.696606,0.23
209,0,val,38.728748,0.48
209,1,val,48.459988,0.51
210,0,train,40.487865,0.17
210,0,val,42.428787,0.38
210,1,val,41.538532,0.40
211,0,train,22.200806,0.15
211,0,val,43.753887,0.33
211,1,val,42.595402,0.37
212,0,train,29.769886,0.15
212,0,val,40.382240,0.36
212,1,val,42.324265,0.39
213,0,train,30.088179,0.20
213,0,val,47.911064,0.41
213,1,val,41.784706,0.44
214,0,train,30.671009,0.13
214,0,val,42.894859,0.29
214,1,val,42.451725,0.31
215,0,train,24.927147,0.13
215,0,val,38.815468,0.31
215,1,val,42.721630,0.33
216,0,train,30.300671,0.12
216,0,val,40.301437,0.25
216,1,val,41.676785,0.26
217,0,train,26.204805,0.12
217,0,val,42.444725,0.26
217,1,val,43.591988,0.26
218,0,train,30.327787,0.12
218,0,val,42.972073,0.27
218,1,val,42.058578,0.27
219,0,train,35.526787,0.12
219,0,val,43.272694,0.25
219,1,val,41.839260,0.25
220,0,train,24.621664,0.13
220,0,val,41.340519,0.32
220,1,val,43.613392,0.33
221,0,train,28.254616,0.15
221,0,val,39.389797,0.29
221,1,val,47.502441,0.30
222,0,train,32.473297,0.13
222,0,val,42.815964,0.27
222,1,val,45.678421,0.27
223,0,train,33.010700,0.13
223,0,val,39.911224,0.27
223,1,val,43.029953,0.28
224,0,train,29.248878,0.12
224,0,val,39.326920,0.28
224,1,val,41.962524,0.29
225,0,train,31.817520,0.14
225,0,val,41.953819,0.28
225,1,val,46.240269,0.29
226,0,train,23.153063,0.12
226,0,val,39.702271,0.27
226,1,val,42.356094,0.28
227,0,train,30.242901,0.16
227,0,val,38.857273,0.31
227,1,val,47.185707,0.32
228,0,train,19.174706,0.14
228,0,val,40.665428,0.29
228,1,val,44.367519,0.30
229,0,train,28.028862,0.14
229,0,val,39.448792,0.30
229,1,val,42.794327,0.31
230,0,train,34.030491,0.20
230,0,val,50.542580,0.34
230,1,val,42.004501,0.34
231,0,train,30.497219,0.12
231,0,val,44.545876,0.25
231,1,val,41.942314,0.26
232,0,train,35.382984,0.12
232,0,val,39.916512,0.26
232,1,val,43.833443,0.27
233,0,train,39.715225,0.13
233,0,val,38.739040,0.27
233,1,val,44.580219,0.27
234,0,train,26.510431,0.12
234,0,val,40.265606,0.27
234,1,val,46.485542,0.28
235,0,train,36.520855,0.12
235,0,val,40.077732,0.26
235,1,val,44.011345,0.27
236,0,train,31.457361,0.14
236,0,val,39.278130,0.38
236,1,val,42.868393,0.41
237,0,train,35.861080,0.20
237,0,val,39.827888,0.39
237,1,val,43.176647,0.41
238,0,train,26.016287,0.15
238,0,val,39.994766,0.34
238,1,val,56.260151,0.36
239,0,train,27.940237,0.15
239,0,val,38.563236,0.33
239,1,val,44.642803,0.35
240,0,train,22.426746,0.21
240,0,val,40.690556,0.39
240,1,val,42.680855,0.40
241,0,train,23.941193,0.18
241,0,val,38.601398,0.41
241,1,val,43.520397,0.43
242,0,train,26.281868,0.16
242,0,val,39.608227,0.39
242,1,val,41.434856,0.40
243,0,train,34.834492,0.16
243,0,val,42.950848,0.36
243,1,val,42.776348,0.37
244,0,train,27.688112,0.15
244,0,val,39.369610,0.34
244,1,val,43.423271,0.36
245,0,train,33.215740,0.16
245,0,val,41.041271,0.34
245,1,val,41.945759,0.35
246,0,train,23.478968,0.16
246,0,val,41.900139,0.35
246,1,val,42.162609,0.36
247,0,train,29.671719,0.18
247,0,val,38.769531,0.39
247,1,val,43.527386,0.41
248,0,train,48.671787,0.16
248,0,val,40.084339,0.34
248,1,val,42.327526,0.35
249,0,train,33.045174,0.11
249,0,val,40.072117,0.24
249,1,val,42.613403,0.24
250,0,train,22.803583,0.15
250,0,val,38.539394,0.27
250,1,val,45.924850,0.28
251,0,train,29.699814,0.17
251,0,val,38.851460,0.31
251,1,val,41.905411,0.31
252,0,train,25.980919,0.15
252,0,val,40.588448,0.31
252,1,val,42.205547,0.32
253,0,train,28.719597,0.13
253,0,val,39.374546,0.29
253,1,val,44.910252,0.30
254,0,train,41.991016,0.12
254,0,val,39.221409,0.26
254,1,val,44.521736,0.26
255,0,train,20.878567,0.15
255,0,val,39.241890,0.28
255,1,val,41.937824,0.28
256,0,train,28.588280,0.12
256,0,val,38.866188,0.25
256,1,val,46.421333,0.26
257,0,train,26.001163,0.12
257,0,val,38.375500,0.24
257,1,val,42.760548,0.25
258,0,train,26.283060,0.13
258,0,val,39.927902,0.31
258,1,val,42.419598,0.31
259,0,train,23.703976,0.12
259,0,val,39.781315,0.29
259,1,val,42.561211,0.31
260,0,train,28.537659,0.16
260,0,val,39.196247,0.34
260,1,val,43.421383,0.36
261,0,train,36.350346,0.12
261,0,val,40.746609,0.25
261,1,val,41.822948,0.26
262,0,train,24.428005,0.12
262,0,val,39.561607,0.25
262,1,val,42.377266,0.26
263,0,train,18.757996,0.12
263,0,val,38.813709,0.25
263,1,val,41.957191,0.25
264,0,train,39.441193,0.13
264,0,val,39.340614,0.30
264,1,val,41.630672,0.30
265,0,train,26.966284,0.12
265,0,val,38.746674,0.25
265,1,val,43.167850,0.25
266,0,train,38.135811,0.14
266,0,val,41.512146,0.29
266,1,val,42.102856,0.30
267,0,train,41.954800,0.16
267,0,val,38.268974,0.31
267,1,val,44.960865,0.32
268,0,train,34.478329,0.21
268,0,val,39.311985,0.38
268,1,val,41.572395,0.39
269,0,train,27.070263,0.12
269,0,val,38.623596,0.26
269,1,val,43.040306,0.26
270,0,train,22.535694,0.15
270,0,val,39.043194,0.28
270,1,val,43.059826,0.29
271,0,train,32.190289,0.12
271,0,val,39.730701,0.26
271,1,val,44.101288,0.27
272,0,train,25.222811,0.12
272,0,val,39.366653,0.25
272,1,val,48.289051,0.25
273,0,train,33.853863,0.12
273,0,val,41.003265,0.25
273,1,val,47.685318,0.25
274,0,train,33.707478,0.12
274,0,val,38.664604,0.26
274,1,val,48.543114,0.26
275,0,train,22.547142,0.13
275,0,val,44.337639,0.35
275,1,val,42.869576,0.37
276,0,train,31.394066,0.19
276,0,val,38.876644,0.43
276,1,val,43.661545,0.44
277,0,train,25.088139,0.20
277,0,val,38.949886,0.47
277,1,val,41.200241,0.48
278,0,train,25.155102,0.24
278,0,val,39.494827,0.44
278,1,val,42.133026,0.46
279,0,train,29.230576,0.15
279,0,val,39.507935,0.34
279,1,val,42.746258,0.36
280,0,train,29.416090,0.15
280,0,val,39.584129,0.34
280,1,val,48.522667,0.36
281,0,train,25.243101,0.14
281,0,val,39.825966,0.33
281,1,val,46.288708,0.34
282,0,train,29.845303,0.15
282,0,val,42.251408,0.34
282,1,val,42.062607,0.35
283,0,train,25.296267,0.16
283,0,val,39.371826,0.36
283,1,val,44.321655,0.37
284,0,train,23.041655,0.20
284,0,val,38.722401,0.53
284,1,val,42.167652,0.56
285,0,train,27.715132,0.17
285,0,val,38.209160,0.38
285,1,val,41.560509,0.39
286,0,train,34.518738,0.16
286,0,val,39.491070,0.34
286,1,val,42.563843,0.37
287,0,train,30.241287,0.14
287,0,val,39.790348,0.27
287,1,val,51.115150,0.27
288,0,train,20.534861,0.14
288,0,val,38.830952,0.27
288,1,val,42.102661,0.27
289,0,train,28.495714,0.13
289,0,val,40.061825,0.25
289,1,val,45.020184,0.26
290,0,train,28.944580,0.13
290,0,val,42.695919,0.27
290,1,val,45.091877,0.28
291,0,train,39.028912,0.12
291,0,val,40.050640,0.25
291,1,val,43.223637,0.25
292,0,train,27.757801,0.12
292,0,val,39.899780,0.24
292,1,val,42.993271,0.25
293,0,train,38.861301,0.12
293,0,val,38.870956,0.26
293,1,val,44.751175,0.27
294,0,train,18.195881,0.12
294,0,val,39.080723,0.25
294,1,val,41.435165,0.26
295,0,train,25.800356,0.12
295,0,val,40.901150,0.25
295,1,val,48.522114,0.25
296,0,train,24.611416,0.12
296,0,val,41.141949,0.31
296,1,val,41.661633,0.33
297,0,train,28.987459,0.13
297,0,val,39.579521,0.29
297,1,val,44.392189,0.29
298,0,train,29.536390,0.14
298,0,val,43.790730,0.28
298,1,val,53.128654,0.28
299,0,train,27.995184,0.15
299,0,val,39.435947,0.32
299,1,val,49.607910,0.32
