epoch,batch_idx,data_type,loss,run_time
0,0,train,122.561600,1.46
0,1,train,82.481361,1.54
0,0,val,92.713715,1.69
0,1,val,78.850731,1.70
0,2,val,65.245979,1.71
0,3,val,40.321850,1.72
1,0,train,86.622696,0.19
1,1,train,109.778038,0.22
1,0,val,89.697525,0.39
1,1,val,75.537651,0.41
1,2,val,64.104095,0.42
1,3,val,38.853752,0.42
2,0,train,105.578125,0.14
2,1,train,72.353111,0.18
2,0,val,89.163490,0.30
2,1,val,74.351883,0.30
2,2,val,63.088947,0.31
2,3,val,37.453461,0.31
3,0,train,94.003876,0.12
3,1,train,95.950882,0.15
3,0,val,88.740173,0.26
3,1,val,80.712685,0.26
3,2,val,66.464439,0.27
3,3,val,37.793880,0.27
4,0,train,89.030106,0.12
4,1,train,77.256752,0.15
4,0,val,88.991272,0.26
4,1,val,82.658844,0.27
4,2,val,62.659401,0.27
4,3,val,36.270359,0.28
5,0,train,72.177544,0.12
5,1,train,87.399010,0.15
5,0,val,88.478966,0.26
5,1,val,72.092346,0.27
5,2,val,61.671734,0.27
5,3,val,37.102062,0.28
6,0,train,86.626114,0.13
6,1,train,86.026131,0.16
6,0,val,89.462776,0.28
6,1,val,71.858727,0.28
6,2,val,60.929497,0.29
6,3,val,35.919510,0.29
7,0,train,70.994873,0.16
7,1,train,74.047775,0.19
7,0,val,92.881706,0.32
7,1,val,77.430954,0.33
7,2,val,61.762352,0.33
7,3,val,43.566093,0.34
8,0,train,82.795227,0.12
8,1,train,88.173187,0.15
8,0,val,89.381760,0.26
8,1,val,71.743446,0.26
8,2,val,64.678329,0.26
8,3,val,35.594952,0.27
9,0,train,63.251328,0.12
9,1,train,63.779026,0.15
9,0,val,86.934105,0.26
9,1,val,70.727867,0.26
9,2,val,60.773266,0.27
9,3,val,34.934174,0.27
10,0,train,70.598404,0.12
10,1,train,81.390266,0.15
10,0,val,87.064148,0.26
10,1,val,71.738281,0.27
10,2,val,60.914143,0.27
10,3,val,35.658852,0.28
11,0,train,94.942375,0.12
11,1,train,116.163704,0.15
11,0,val,87.107796,0.26
11,1,val,74.157700,0.27
11,2,val,63.635448,0.27
11,3,val,46.886383,0.28
12,0,train,74.851273,0.11
12,1,train,82.058434,0.15
12,0,val,94.276405,0.25
12,1,val,70.666206,0.26
12,2,val,59.942993,0.26
12,3,val,35.652405,0.27
13,0,train,82.682495,0.13
13,1,train,77.647217,0.16
13,0,val,86.530312,0.27
13,1,val,69.414398,0.27
13,2,val,60.541744,0.28
13,3,val,37.973274,0.28
14,0,train,64.663635,0.11
14,1,train,59.679428,0.15
14,0,val,85.486465,0.25
14,1,val,73.094597,0.26
14,2,val,59.530609,0.26
14,3,val,34.935574,0.27
15,0,train,67.402679,0.15
15,1,train,93.538651,0.19
15,0,val,91.917931,0.31
15,1,val,71.693382,0.31
15,2,val,59.055428,0.32
15,3,val,34.399811,0.32
16,0,train,81.273170,0.12
16,1,train,93.527115,0.15
16,0,val,89.272072,0.26
16,1,val,76.256454,0.27
16,2,val,59.591625,0.27
16,3,val,35.441132,0.28
17,0,train,68.072960,0.11
17,1,train,60.642105,0.15
17,0,val,86.587776,0.29
17,1,val,68.866341,0.31
17,2,val,60.396534,0.32
17,3,val,34.388355,0.33
18,0,train,87.758606,0.12
18,1,train,71.519051,0.15
18,0,val,84.603401,0.27
18,1,val,71.430420,0.27
18,2,val,68.238770,0.28
18,3,val,48.849670,0.28
19,0,train,81.899750,0.12
19,1,train,94.601761,0.16
19,0,val,84.542282,0.27
19,1,val,69.773384,0.27
19,2,val,60.358948,0.28
19,3,val,36.808086,0.28
20,0,train,79.969734,0.12
20,1,train,86.032822,0.15
20,0,val,89.814789,0.26
20,1,val,69.692650,0.26
20,2,val,59.935940,0.27
20,3,val,36.773808,0.27
21,0,train,72.963074,0.12
21,1,train,59.370014,0.15
21,0,val,84.349342,0.28
21,1,val,68.423119,0.28
21,2,val,59.158230,0.29
21,3,val,36.200844,0.29
22,0,train,64.547417,0.18
22,1,train,71.342590,0.21
22,0,val,84.742249,0.40
22,1,val,69.058502,0.42
22,2,val,60.762936,0.43
22,3,val,35.059692,0.43
23,0,train,78.486908,0.17
23,1,train,63.630623,0.21
23,0,val,92.304970,0.39
23,1,val,71.432495,0.41
23,2,val,58.675549,0.41
23,3,val,35.405254,0.42
24,0,train,86.811981,0.15
24,1,train,75.644249,0.18
24,0,val,84.333160,0.33
24,1,val,73.535294,0.36
24,2,val,59.277279,0.37
24,3,val,35.356644,0.37
25,0,train,56.786224,0.14
25,1,train,72.062805,0.18
25,0,val,83.357857,0.35
25,1,val,69.630463,0.36
25,2,val,61.769619,0.37
25,3,val,34.197235,0.38
26,0,train,86.248329,0.18
26,1,train,89.676971,0.22
26,0,val,83.511322,0.37
26,1,val,70.978828,0.39
26,2,val,60.248211,0.39
26,3,val,34.208393,0.40
27,0,train,70.631172,0.14
27,1,train,57.424007,0.18
27,0,val,85.173210,0.37
27,1,val,68.142647,0.38
27,2,val,70.810608,0.39
27,3,val,35.817581,0.40
28,0,train,74.097908,0.17
28,1,train,71.828445,0.22
28,0,val,83.521622,0.38
28,1,val,68.233833,0.41
28,2,val,58.702446,0.42
28,3,val,37.872620,0.43
29,0,train,78.040039,0.15
29,1,train,69.982048,0.18
29,0,val,83.469788,0.33
29,1,val,68.457375,0.36
29,2,val,60.283817,0.39
29,3,val,38.702976,0.40
30,0,train,72.506866,0.15
30,1,train,75.898766,0.20
30,0,val,87.462616,0.37
30,1,val,67.374626,0.38
30,2,val,58.844040,0.39
30,3,val,33.702221,0.39
31,0,train,72.309662,0.18
31,1,train,81.919182,0.23
31,0,val,83.170479,0.39
31,1,val,68.821175,0.40
31,2,val,59.145542,0.40
31,3,val,44.849606,0.41
32,0,train,73.927727,0.12
32,1,train,63.404366,0.15
32,0,val,82.812332,0.26
32,1,val,67.995216,0.27
32,2,val,66.257263,0.27
32,3,val,52.387905,0.28
33,0,train,65.779556,0.12
33,1,train,101.852142,0.16
33,0,val,82.977562,0.26
33,1,val,68.339912,0.27
33,2,val,58.385159,0.27
33,3,val,39.053093,0.28
34,0,train,69.822525,0.11
34,1,train,93.191139,0.15
34,0,val,85.716400,0.25
34,1,val,70.817398,0.26
34,2,val,59.999935,0.26
34,3,val,34.136852,0.27
35,0,train,79.709518,0.12
35,1,train,106.370422,0.15
35,0,val,85.786652,0.26
35,1,val,84.471550,0.27
35,2,val,60.636990,0.27
35,3,val,33.074097,0.27
36,0,train,69.278793,0.12
36,1,train,66.781990,0.16
36,0,val,81.975777,0.30
36,1,val,66.985954,0.30
36,2,val,58.532112,0.31
36,3,val,33.334789,0.31
37,0,train,72.549126,0.16
37,1,train,78.760460,0.19
37,0,val,87.554123,0.32
37,1,val,72.836273,0.32
37,2,val,62.128372,0.33
37,3,val,34.383045,0.33
38,0,train,70.947067,0.15
38,1,train,89.577286,0.19
38,0,val,83.385086,0.31
38,1,val,66.560661,0.32
38,2,val,57.615627,0.33
38,3,val,33.511791,0.34
39,0,train,57.900009,0.12
39,1,train,59.387135,0.15
39,0,val,83.019447,0.26
39,1,val,74.311127,0.26
39,2,val,61.282314,0.27
39,3,val,34.003815,0.27
40,0,train,87.008026,0.15
40,1,train,72.043495,0.18
40,0,val,82.826958,0.29
40,1,val,66.578186,0.30
40,2,val,57.323410,0.30
40,3,val,33.557804,0.30
41,0,train,86.002037,0.14
41,1,train,83.843544,0.18
41,0,val,81.793747,0.32
41,1,val,70.066513,0.33
41,2,val,57.683319,0.33
41,3,val,35.896843,0.34
42,0,train,91.373444,0.13
42,1,train,103.719315,0.16
42,0,val,82.376556,0.28
42,1,val,75.117317,0.28
42,2,val,57.335239,0.29
42,3,val,34.211071,0.29
43,0,train,97.065857,0.13
43,1,train,63.963882,0.16
43,0,val,82.331284,0.27
43,1,val,66.669106,0.28
43,2,val,58.477215,0.28
43,3,val,33.739155,0.29
44,0,train,63.691772,0.12
44,1,train,56.890682,0.15
44,0,val,82.121941,0.26
44,1,val,71.547653,0.27
44,2,val,57.651108,0.27
44,3,val,51.145771,0.27
45,0,train,69.322144,0.12
45,1,train,65.138100,0.16
45,0,val,83.036285,0.26
45,1,val,71.799828,0.27
45,2,val,59.354954,0.27
45,3,val,37.581253,0.28
46,0,train,83.943787,0.12
46,1,train,58.864517,0.16
46,0,val,89.609055,0.26
46,1,val,75.684738,0.27
46,2,val,59.471413,0.27
46,3,val,42.153004,0.28
47,0,train,59.386295,0.11
47,1,train,39.300449,0.15
47,0,val,82.623375,0.27
47,1,val,67.413582,0.27
47,2,val,63.066616,0.28
47,3,val,33.015095,0.28
48,0,train,75.149857,0.12
48,1,train,97.789825,0.17
48,0,val,88.181030,0.30
48,1,val,66.264175,0.30
48,2,val,62.914074,0.31
48,3,val,33.161243,0.31
49,0,train,78.160645,0.12
49,1,train,99.432564,0.15
49,0,val,82.674461,0.28
49,1,val,71.634430,0.28
49,2,val,58.417400,0.29
49,3,val,33.048771,0.29
50,0,train,60.571327,0.13
50,1,train,85.847916,0.17
50,0,val,82.481964,0.29
50,1,val,67.536530,0.29
50,2,val,57.791077,0.30
50,3,val,43.218174,0.30
51,0,train,79.693665,0.12
51,1,train,73.682373,0.15
51,0,val,83.273865,0.28
51,1,val,65.726166,0.28
51,2,val,67.171013,0.29
51,3,val,34.163445,0.29
52,0,train,71.157448,0.12
52,1,train,52.884266,0.16
52,0,val,85.448914,0.29
52,1,val,66.437096,0.30
52,2,val,57.790226,0.30
52,3,val,32.223103,0.31
53,0,train,74.194656,0.12
53,1,train,108.174454,0.16
53,0,val,80.232422,0.27
53,1,val,65.904518,0.28
53,2,val,56.986721,0.28
53,3,val,34.378895,0.28
54,0,train,49.587723,0.14
54,1,train,69.189934,0.17
54,0,val,82.038986,0.29
54,1,val,70.029816,0.30
54,2,val,59.438900,0.30
54,3,val,44.769035,0.31
55,0,train,71.971123,0.13
55,1,train,106.400146,0.16
55,0,val,79.702499,0.28
55,1,val,65.603508,0.28
55,2,val,60.422337,0.28
55,3,val,36.877552,0.29
56,0,train,80.932968,0.11
56,1,train,48.406307,0.15
56,0,val,79.987595,0.26
56,1,val,67.416733,0.28
56,2,val,60.533783,0.28
56,3,val,33.327774,0.29
57,0,train,72.230591,0.16
57,1,train,74.382477,0.20
57,0,val,84.377800,0.37
57,1,val,65.170250,0.38
57,2,val,57.616310,0.39
57,3,val,40.329258,0.39
58,0,train,63.034336,0.15
58,1,train,107.040405,0.19
58,0,val,80.040825,0.35
58,1,val,64.717506,0.35
58,2,val,57.312721,0.36
58,3,val,33.344574,0.37
59,0,train,81.833145,0.20
59,1,train,79.323349,0.24
59,0,val,79.192688,0.38
59,1,val,65.596924,0.40
59,2,val,57.717201,0.42
59,3,val,32.907074,0.42
60,0,train,65.734978,0.19
60,1,train,43.288723,0.23
60,0,val,79.844559,0.41
60,1,val,64.227638,0.42
60,2,val,58.010925,0.43
60,3,val,32.754326,0.43
61,0,train,72.561218,0.16
61,1,train,57.516861,0.19
61,0,val,81.040314,0.38
61,1,val,64.638542,0.40
61,2,val,59.212021,0.41
61,3,val,34.319565,0.42
62,0,train,80.668594,0.16
62,1,train,61.813271,0.19
62,0,val,80.131500,0.36
62,1,val,65.597160,0.38
62,2,val,60.361675,0.40
62,3,val,40.829170,0.40
63,0,train,65.407364,0.15
63,1,train,81.332283,0.19
63,0,val,79.737373,0.34
63,1,val,65.240112,0.35
63,2,val,57.254944,0.36
63,3,val,34.489952,0.37
64,0,train,73.193176,0.16
64,1,train,58.622944,0.20
64,0,val,86.293938,0.35
64,1,val,65.607613,0.36
64,2,val,57.567711,0.37
64,3,val,32.741589,0.38
65,0,train,72.822922,0.11
65,1,train,78.196098,0.15
65,0,val,85.117065,0.26
65,1,val,64.801437,0.26
65,2,val,62.634575,0.26
65,3,val,32.818729,0.27
66,0,train,55.306229,0.12
66,1,train,89.890800,0.15
66,0,val,81.376686,0.27
66,1,val,72.652153,0.27
66,2,val,56.968590,0.27
66,3,val,32.436665,0.28
67,0,train,80.802032,0.13
67,1,train,79.325821,0.17
67,0,val,82.169098,0.31
67,1,val,64.962463,0.32
67,2,val,65.843002,0.32
67,3,val,32.643845,0.33
68,0,train,82.153496,0.12
68,1,train,65.303017,0.15
68,0,val,84.384148,0.27
68,1,val,65.100800,0.28
68,2,val,57.623672,0.28
68,3,val,34.426521,0.29
69,0,train,62.344559,0.14
69,1,train,120.676521,0.17
69,0,val,79.378960,0.29
69,1,val,66.412727,0.29
69,2,val,56.876602,0.30
69,3,val,38.123840,0.30
70,0,train,65.251816,0.15
70,1,train,88.656555,0.19
70,0,val,79.198235,0.31
70,1,val,65.802139,0.32
70,2,val,56.930504,0.32
70,3,val,32.189659,0.33
71,0,train,69.204628,0.13
71,1,train,65.250755,0.16
71,0,val,79.782394,0.30
71,1,val,64.082260,0.30
71,2,val,61.288692,0.31
71,3,val,32.545055,0.31
72,0,train,66.726746,0.12
72,1,train,66.930473,0.16
72,0,val,78.470284,0.27
72,1,val,64.600311,0.28
72,2,val,56.333382,0.28
72,3,val,32.278694,0.29
73,0,train,52.931171,0.16
73,1,train,58.140839,0.19
73,0,val,79.317383,0.32
73,1,val,63.328663,0.33
73,2,val,57.547115,0.33
73,3,val,34.389744,0.34
74,0,train,69.066711,0.12
74,1,train,58.334732,0.15
74,0,val,79.125244,0.26
74,1,val,64.461876,0.26
74,2,val,55.723717,0.27
74,3,val,39.054699,0.27
75,0,train,62.774899,0.15
75,1,train,67.503067,0.18
75,0,val,79.672104,0.29
75,1,val,64.813927,0.30
75,2,val,57.509834,0.30
75,3,val,33.150887,0.30
76,0,train,57.920433,0.12
76,1,train,67.876556,0.15
76,0,val,77.764885,0.27
76,1,val,64.575661,0.28
76,2,val,58.255314,0.29
76,3,val,33.855759,0.29
77,0,train,76.149467,0.12
77,1,train,66.995972,0.15
77,0,val,77.816193,0.29
77,1,val,63.646919,0.29
77,2,val,56.517445,0.30
77,3,val,33.747662,0.31
78,0,train,62.582138,0.13
78,1,train,85.508789,0.17
78,0,val,80.094681,0.30
78,1,val,71.174988,0.31
78,2,val,57.405792,0.31
78,3,val,33.943577,0.32
79,0,train,69.377861,0.11
79,1,train,70.192039,0.15
79,0,val,78.510063,0.30
79,1,val,65.900459,0.32
79,2,val,57.227959,0.33
79,3,val,33.227123,0.34
80,0,train,78.077393,0.12
80,1,train,82.217583,0.15
80,0,val,77.383896,0.28
80,1,val,65.726471,0.30
80,2,val,55.177261,0.32
80,3,val,32.450535,0.33
81,0,train,65.794388,0.13
81,1,train,37.482025,0.16
81,0,val,79.251816,0.28
81,1,val,66.218498,0.29
81,2,val,56.706669,0.29
81,3,val,33.100414,0.30
82,0,train,72.888428,0.12
82,1,train,83.747162,0.15
82,0,val,77.978096,0.26
82,1,val,62.724804,0.26
82,2,val,54.908962,0.27
82,3,val,32.258385,0.27
83,0,train,63.256058,0.13
83,1,train,39.382763,0.17
83,0,val,76.886246,0.27
83,1,val,63.417175,0.28
83,2,val,57.681412,0.28
83,3,val,32.604160,0.29
84,0,train,56.751080,0.12
84,1,train,46.024593,0.15
84,0,val,79.748749,0.26
84,1,val,68.954163,0.27
84,2,val,57.286167,0.27
84,3,val,34.332191,0.27
85,0,train,64.419067,0.12
85,1,train,74.319695,0.15
85,0,val,79.488365,0.27
85,1,val,66.091682,0.28
85,2,val,57.524933,0.29
85,3,val,39.583645,0.30
86,0,train,65.575012,0.13
86,1,train,49.275105,0.16
86,0,val,78.275856,0.26
86,1,val,72.939926,0.27
86,2,val,55.422855,0.27
86,3,val,31.369019,0.28
87,0,train,87.051933,0.12
87,1,train,84.458557,0.15
87,0,val,81.342735,0.26
87,1,val,64.682762,0.27
87,2,val,54.914600,0.27
87,3,val,31.886236,0.27
88,0,train,88.039108,0.12
88,1,train,63.849655,0.15
88,0,val,76.985687,0.30
88,1,val,63.033939,0.32
88,2,val,55.263828,0.33
88,3,val,38.865646,0.34
89,0,train,56.296921,0.20
89,1,train,40.081863,0.24
89,0,val,77.602707,0.41
89,1,val,62.460907,0.43
89,2,val,55.440643,0.44
89,3,val,31.908949,0.45
90,0,train,70.465324,0.16
90,1,train,72.689041,0.20
90,0,val,77.877350,0.35
90,1,val,63.830235,0.36
90,2,val,54.382206,0.37
90,3,val,33.310047,0.39
91,0,train,73.506134,0.15
91,1,train,63.987068,0.19
91,0,val,81.320702,0.35
91,1,val,62.544350,0.37
91,2,val,64.996147,0.37
91,3,val,32.202534,0.38
92,0,train,54.632179,0.14
92,1,train,75.694908,0.18
92,0,val,75.911270,0.35
92,1,val,68.356178,0.36
92,2,val,55.117928,0.37
92,3,val,32.968410,0.38
93,0,train,54.826759,0.16
93,1,train,61.145676,0.20
93,0,val,77.773117,0.36
93,1,val,62.111595,0.37
93,2,val,58.036583,0.38
93,3,val,31.439556,0.38
94,0,train,75.973221,0.13
94,1,train,52.832619,0.17
94,0,val,77.048790,0.40
94,1,val,61.829487,0.43
94,2,val,54.940418,0.43
94,3,val,38.867435,0.44
95,0,train,62.834457,0.16
95,1,train,61.956245,0.21
95,0,val,78.879051,0.36
95,1,val,63.149952,0.38
95,2,val,55.194664,0.40
95,3,val,31.633657,0.40
96,0,train,67.384148,0.17
96,1,train,71.188499,0.22
96,0,val,77.465988,0.44
96,1,val,64.764854,0.45
96,2,val,58.622757,0.46
96,3,val,31.605709,0.47
97,0,train,64.185501,0.15
97,1,train,50.089108,0.19
97,0,val,84.002846,0.32
97,1,val,62.451366,0.32
97,2,val,56.248344,0.33
97,3,val,36.165501,0.33
98,0,train,62.176552,0.15
98,1,train,41.996403,0.19
98,0,val,75.502052,0.31
98,1,val,62.785576,0.31
98,2,val,54.839397,0.32
98,3,val,31.332750,0.32
99,0,train,83.368271,0.14
99,1,train,71.586258,0.42
99,0,val,76.817772,0.69
99,1,val,67.083313,0.71
99,2,val,54.952332,0.72
99,3,val,32.636635,0.75
100,0,train,66.950401,0.13
100,1,train,71.802834,0.17
100,0,val,77.034897,0.28
100,1,val,61.927841,0.29
100,2,val,56.138908,0.29
100,3,val,31.044668,0.30
101,0,train,49.462418,0.31
101,1,train,42.428001,0.38
101,0,val,75.833740,0.49
101,1,val,66.661018,0.49
101,2,val,54.924664,0.50
101,3,val,32.255199,0.50
102,0,train,78.650955,0.12
102,1,train,80.330696,0.16
102,0,val,76.758537,0.28
102,1,val,62.300034,0.29
102,2,val,57.097729,0.29
102,3,val,32.080502,0.30
103,0,train,65.125931,0.37
103,1,train,50.563343,0.40
103,0,val,77.249115,0.51
103,1,val,62.027397,0.51
103,2,val,58.361866,0.52
103,3,val,31.905804,0.52
104,0,train,43.765854,0.12
104,1,train,77.468353,0.16
104,0,val,75.133659,0.32
104,1,val,65.184593,0.33
104,2,val,56.997265,0.34
104,3,val,31.750860,0.34
105,0,train,86.995735,0.12
105,1,train,57.118900,0.16
105,0,val,76.251862,0.27
105,1,val,61.575100,0.28
105,2,val,56.132580,0.28
105,3,val,42.209454,0.29
106,0,train,66.839462,0.12
106,1,train,75.772423,0.15
106,0,val,75.717751,0.29
106,1,val,62.521229,0.29
106,2,val,55.135380,0.31
106,3,val,35.760925,0.32
107,0,train,54.570816,0.13
107,1,train,54.025829,0.17
107,0,val,75.396873,0.31
107,1,val,62.506157,0.31
107,2,val,57.250252,0.32
107,3,val,31.650635,0.33
108,0,train,67.370102,0.12
108,1,train,53.227013,0.15
108,0,val,77.321762,0.26
108,1,val,68.401367,0.26
108,2,val,54.096470,0.27
108,3,val,32.838032,0.27
109,0,train,57.484211,0.14
109,1,train,38.123417,0.17
109,0,val,75.643776,0.29
109,1,val,60.962135,0.30
109,2,val,54.129780,0.30
109,3,val,31.919289,0.31
110,0,train,59.369164,0.12
110,1,train,45.387623,0.16
110,0,val,77.199913,0.28
110,1,val,64.210831,0.29
110,2,val,64.344536,0.29
110,3,val,33.062023,0.30
111,0,train,53.358997,0.12
111,1,train,56.047363,0.15
111,0,val,75.252022,0.26
111,1,val,60.615974,0.26
111,2,val,55.305595,0.27
111,3,val,32.797966,0.27
112,0,train,66.435043,0.12
112,1,train,65.869232,0.15
112,0,val,82.808098,0.26
112,1,val,63.425571,0.27
112,2,val,55.336544,0.27
112,3,val,32.912655,0.28
113,0,train,49.521210,0.14
113,1,train,99.374817,0.18
113,0,val,74.443199,0.29
113,1,val,68.474342,0.30
113,2,val,57.030869,0.30
113,3,val,35.089287,0.30
114,0,train,75.830467,0.12
114,1,train,71.421448,0.15
114,0,val,75.876183,0.27
114,1,val,60.860321,0.27
114,2,val,54.760792,0.28
114,3,val,31.151537,0.28
115,0,train,70.141045,0.13
115,1,train,73.458870,0.16
115,0,val,75.848572,0.29
115,1,val,71.700783,0.30
115,2,val,56.624397,0.30
115,3,val,30.982134,0.31
116,0,train,71.407066,0.13
116,1,train,70.694603,0.17
116,0,val,74.410286,0.32
116,1,val,63.948128,0.32
116,2,val,55.381351,0.33
116,3,val,31.010546,0.34
117,0,train,54.572212,0.18
117,1,train,56.539764,0.22
117,0,val,74.396423,0.41
117,1,val,61.153458,0.42
117,2,val,53.769455,0.43
117,3,val,30.649574,0.43
118,0,train,65.954758,0.26
118,1,train,60.557560,0.31
118,0,val,73.889809,0.52
118,1,val,63.232624,0.53
118,2,val,54.974152,0.54
118,3,val,31.019775,0.54
119,0,train,47.956230,0.16
119,1,train,83.173798,0.19
119,0,val,75.524551,0.38
119,1,val,61.274685,0.40
119,2,val,55.114658,0.41
119,3,val,33.371010,0.42
120,0,train,59.219711,0.16
120,1,train,57.454182,0.21
120,0,val,75.758812,0.46
120,1,val,61.787464,0.48
120,2,val,59.252308,0.49
120,3,val,35.396339,0.49
121,0,train,55.293144,0.17
121,1,train,44.856609,0.21
121,0,val,75.054085,0.37
121,1,val,61.058128,0.39
121,2,val,54.967815,0.40
121,3,val,31.648424,0.41
122,0,train,56.182030,0.16
122,1,train,81.678680,0.20
122,0,val,74.856224,0.40
122,1,val,60.352253,0.42
122,2,val,60.195438,0.42
122,3,val,30.320557,0.43
123,0,train,65.754990,0.16
123,1,train,76.809860,0.19
123,0,val,72.890388,0.41
123,1,val,60.577114,0.43
123,2,val,54.419758,0.43
123,3,val,31.241552,0.44
124,0,train,71.960831,0.18
124,1,train,39.839893,0.23
124,0,val,79.425705,0.43
124,1,val,60.634857,0.45
124,2,val,57.303650,0.46
124,3,val,30.721514,0.47
125,0,train,54.135975,0.16
125,1,train,64.829323,0.21
125,0,val,73.897240,0.33
125,1,val,63.698254,0.34
125,2,val,54.600647,0.34
125,3,val,37.129791,0.35
126,0,train,45.610100,0.12
126,1,train,48.902344,0.16
126,0,val,73.554161,0.30
126,1,val,63.570259,0.31
126,2,val,53.557236,0.32
126,3,val,31.437284,0.33
127,0,train,50.563927,0.12
127,1,train,62.497879,0.15
127,0,val,74.347656,0.26
127,1,val,59.887257,0.27
127,2,val,56.651093,0.27
127,3,val,32.958008,0.27
128,0,train,64.491226,0.12
128,1,train,40.797432,0.15
128,0,val,75.286690,0.26
128,1,val,60.763306,0.27
128,2,val,55.493736,0.27
128,3,val,33.887268,0.28
129,0,train,56.267139,0.12
129,1,train,65.957405,0.15
129,0,val,73.926079,0.27
129,1,val,65.304276,0.28
129,2,val,56.124302,0.28
129,3,val,31.027889,0.29
130,0,train,42.971016,0.12
130,1,train,59.037930,0.16
130,0,val,73.092361,0.27
130,1,val,59.668282,0.27
130,2,val,55.734627,0.28
130,3,val,31.476839,0.28
131,0,train,51.466583,0.12
131,1,train,98.610382,0.15
131,0,val,73.252243,0.26
131,1,val,61.453300,0.26
131,2,val,58.840153,0.27
131,3,val,31.424984,0.27
132,0,train,67.417114,0.12
132,1,train,35.316296,0.16
132,0,val,73.053169,0.31
132,1,val,61.720428,0.31
132,2,val,53.197170,0.31
132,3,val,31.017565,0.32
133,0,train,60.147991,0.14
133,1,train,59.687164,0.17
133,0,val,72.878304,0.30
133,1,val,59.776260,0.30
133,2,val,56.568611,0.31
133,3,val,31.642488,0.31
134,0,train,58.600616,0.14
134,1,train,70.305603,0.18
134,0,val,73.313896,0.33
134,1,val,60.174328,0.34
134,2,val,53.642406,0.34
134,3,val,37.575302,0.34
135,0,train,53.938480,0.13
135,1,train,50.388672,0.17
135,0,val,73.185638,0.28
135,1,val,65.677536,0.28
135,2,val,56.632992,0.29
135,3,val,30.734703,0.29
136,0,train,64.092804,0.13
136,1,train,43.561020,0.16
136,0,val,72.425026,0.27
136,1,val,74.900780,0.28
136,2,val,52.489014,0.28
136,3,val,31.447931,0.28
137,0,train,66.350250,0.14
137,1,train,81.376709,0.18
137,0,val,71.825516,0.31
137,1,val,59.455650,0.31
137,2,val,54.428108,0.32
137,3,val,31.070419,0.32
138,0,train,43.745209,0.17
138,1,train,87.805931,0.21
138,0,val,77.101730,0.32
138,1,val,60.519478,0.32
138,2,val,53.473450,0.33
138,3,val,30.487450,0.33
139,0,train,58.264080,0.12
139,1,train,66.622292,0.16
139,0,val,72.636475,0.27
139,1,val,62.463669,0.27
139,2,val,54.532970,0.28
139,3,val,32.805904,0.28
140,0,train,47.374786,0.13
140,1,train,51.516724,0.16
140,0,val,73.390396,0.27
140,1,val,65.274055,0.27
140,2,val,53.843044,0.28
140,3,val,30.930588,0.28
141,0,train,48.616135,0.12
141,1,train,49.772518,0.16
141,0,val,72.291641,0.27
141,1,val,69.381004,0.27
141,2,val,53.782448,0.27
141,3,val,30.923668,0.28
142,0,train,44.035957,0.12
142,1,train,47.469975,0.15
142,0,val,71.881485,0.27
142,1,val,61.854668,0.27
142,2,val,52.945057,0.28
142,3,val,31.304682,0.29
143,0,train,52.186348,0.12
143,1,train,47.925114,0.15
143,0,val,74.618721,0.27
143,1,val,64.662666,0.28
143,2,val,52.781738,0.28
143,3,val,30.828274,0.29
144,0,train,48.212086,0.14
144,1,train,95.918297,0.18
144,0,val,72.517906,0.29
144,1,val,60.750805,0.30
144,2,val,55.364532,0.31
144,3,val,31.139128,0.32
145,0,train,62.322582,0.13
145,1,train,56.451653,0.16
145,0,val,75.107773,0.30
145,1,val,60.442356,0.31
145,2,val,52.959560,0.32
145,3,val,30.716299,0.33
146,0,train,56.163780,0.13
146,1,train,52.326279,0.17
146,0,val,71.724182,0.29
146,1,val,60.617683,0.30
146,2,val,54.491711,0.30
146,3,val,32.711487,0.31
147,0,train,54.781162,0.16
147,1,train,49.299530,0.20
147,0,val,71.817635,0.33
147,1,val,59.828861,0.33
147,2,val,53.257874,0.33
147,3,val,31.044157,0.34
148,0,train,57.436352,0.16
148,1,train,57.380768,0.20
148,0,val,71.524071,0.31
148,1,val,59.032219,0.32
148,2,val,58.815105,0.32
148,3,val,30.459999,0.33
149,0,train,51.968269,0.15
149,1,train,40.214573,0.19
149,0,val,76.744789,0.37
149,1,val,59.397980,0.38
149,2,val,52.522366,0.39
149,3,val,36.197674,0.39
150,0,train,72.528122,0.17
150,1,train,39.424194,0.21
150,0,val,74.132156,0.38
150,1,val,58.826546,0.39
150,2,val,53.411240,0.40
150,3,val,30.566856,0.40
151,0,train,58.887749,0.15
151,1,train,58.355961,0.20
151,0,val,75.309494,0.36
151,1,val,60.032948,0.36
151,2,val,53.703884,0.37
151,3,val,35.123508,0.38
152,0,train,51.238537,0.17
152,1,train,38.525673,0.20
152,0,val,73.687439,0.39
152,1,val,59.328442,0.40
152,2,val,56.872829,0.41
152,3,val,32.205917,0.41
153,0,train,46.537323,0.16
153,1,train,70.860085,0.19
153,0,val,70.777901,0.35
153,1,val,59.772541,0.38
153,2,val,52.878162,0.39
153,3,val,36.064831,0.40
154,0,train,61.564117,0.17
154,1,train,62.365749,0.21
154,0,val,70.500633,0.38
154,1,val,59.374050,0.40
154,2,val,58.058193,0.41
154,3,val,30.185753,0.42
155,0,train,63.090492,0.16
155,1,train,76.330429,0.19
155,0,val,70.775902,0.41
155,1,val,66.266541,0.42
155,2,val,56.895336,0.42
155,3,val,34.451725,0.43
156,0,train,62.889584,0.14
156,1,train,48.519390,0.18
156,0,val,71.475998,0.37
156,1,val,59.696884,0.39
156,2,val,53.778770,0.40
156,3,val,38.871712,0.40
157,0,train,60.921219,0.21
157,1,train,66.635818,0.28
157,0,val,70.854561,0.48
157,1,val,58.945282,0.49
157,2,val,60.637344,0.50
157,3,val,31.256996,0.50
158,0,train,58.976864,0.17
158,1,train,39.359295,0.25
158,0,val,74.112328,0.54
158,1,val,58.180111,0.56
158,2,val,52.693882,0.57
158,3,val,38.580425,0.58
159,0,train,48.533375,0.12
159,1,train,58.580963,0.16
159,0,val,70.740112,0.27
159,1,val,60.494701,0.28
159,2,val,53.953663,0.28
159,3,val,30.449123,0.28
160,0,train,49.936852,0.14
160,1,train,36.789692,0.17
160,0,val,70.612785,0.29
160,1,val,59.505737,0.30
160,2,val,52.839985,0.30
160,3,val,35.673801,0.31
161,0,train,42.684200,0.13
161,1,train,76.309975,0.17
161,0,val,76.996361,0.28
161,1,val,59.052086,0.29
161,2,val,53.798309,0.29
161,3,val,29.922472,0.30
162,0,train,57.360420,0.15
162,1,train,37.139221,0.18
162,0,val,71.886887,0.30
162,1,val,58.576950,0.31
162,2,val,53.790539,0.31
162,3,val,33.598297,0.31
163,0,train,59.912079,0.13
163,1,train,38.154034,0.16
163,0,val,73.394012,0.27
163,1,val,57.998432,0.28
163,2,val,53.977158,0.28
163,3,val,30.512098,0.29
164,0,train,53.752995,0.12
164,1,train,91.574760,0.16
164,0,val,71.867531,0.31
164,1,val,59.369678,0.32
164,2,val,62.364048,0.33
164,3,val,30.407593,0.34
165,0,train,52.111393,0.13
165,1,train,53.183060,0.16
165,0,val,69.984177,0.28
165,1,val,58.995346,0.28
165,2,val,52.884422,0.29
165,3,val,30.623522,0.30
166,0,train,58.915070,0.18
166,1,train,58.741817,0.21
166,0,val,69.907661,0.34
166,1,val,58.330292,0.35
166,2,val,53.609367,0.35
166,3,val,30.203918,0.36
167,0,train,62.545254,0.17
167,1,train,44.338081,0.21
167,0,val,70.898460,0.33
167,1,val,59.031075,0.33
167,2,val,58.045670,0.34
167,3,val,31.304434,0.34
168,0,train,48.637955,0.13
168,1,train,68.422607,0.16
168,0,val,71.263092,0.29
168,1,val,67.873390,0.29
168,2,val,52.161182,0.30
168,3,val,30.381142,0.30
169,0,train,44.922577,0.13
169,1,train,60.612232,0.17
169,0,val,72.185898,0.29
169,1,val,59.717239,0.29
169,2,val,52.401928,0.30
169,3,val,30.543264,0.30
170,0,train,50.057529,0.14
170,1,train,57.448120,0.17
170,0,val,70.983994,0.29
170,1,val,57.751217,0.30
170,2,val,57.897400,0.30
170,3,val,31.411261,0.30
171,0,train,50.895699,0.12
171,1,train,68.213654,0.16
171,0,val,72.632660,0.27
171,1,val,57.835785,0.27
171,2,val,56.136398,0.28
171,3,val,30.593332,0.28
172,0,train,51.793571,0.12
172,1,train,42.979736,0.15
172,0,val,70.101089,0.26
172,1,val,57.796570,0.27
172,2,val,54.094231,0.27
172,3,val,32.309624,0.28
173,0,train,65.509132,0.13
173,1,train,47.270744,0.16
173,0,val,69.976486,0.28
173,1,val,75.710358,0.28
173,2,val,52.911938,0.29
173,3,val,36.447731,0.29
174,0,train,65.321533,0.12
174,1,train,34.412380,0.15
174,0,val,70.260155,0.26
174,1,val,57.516438,0.26
174,2,val,54.061275,0.27
174,3,val,30.131081,0.27
175,0,train,47.147083,0.15
175,1,train,44.353615,0.19
175,0,val,69.546806,0.31
175,1,val,60.097435,0.32
175,2,val,60.282204,0.33
175,3,val,32.525097,0.34
176,0,train,54.947510,0.12
176,1,train,37.421921,0.15
176,0,val,72.542717,0.34
176,1,val,61.198708,0.35
176,2,val,52.922363,0.35
176,3,val,31.563162,0.36
177,0,train,46.145267,0.13
177,1,train,79.022575,0.16
177,0,val,70.909920,0.27
177,1,val,58.670998,0.28
177,2,val,54.547115,0.28
177,3,val,29.872890,0.29
178,0,train,50.777103,0.13
178,1,train,77.671692,0.16
178,0,val,73.463699,0.28
178,1,val,58.123806,0.29
178,2,val,52.377693,0.29
178,3,val,30.001043,0.30
179,0,train,58.361927,0.12
179,1,train,45.190845,0.16
179,0,val,72.501198,0.30
179,1,val,59.754501,0.32
179,2,val,53.411877,0.33
179,3,val,31.138878,0.34
180,0,train,50.272999,0.18
180,1,train,59.835426,0.22
180,0,val,70.386871,0.46
180,1,val,60.773556,0.48
180,2,val,52.050011,0.49
180,3,val,40.826294,0.50
181,0,train,59.094631,0.16
181,1,train,66.311684,0.20
181,0,val,69.857613,0.38
181,1,val,57.994205,0.40
181,2,val,52.330956,0.40
181,3,val,32.297333,0.41
182,0,train,44.237495,0.22
182,1,train,48.365059,0.26
182,0,val,71.622971,0.44
182,1,val,58.429672,0.45
182,2,val,52.305378,0.46
182,3,val,30.859253,0.46
183,0,train,55.854691,0.15
183,1,train,36.306770,0.18
183,0,val,73.438004,0.35
183,1,val,59.755569,0.36
183,2,val,60.515198,0.37
183,3,val,33.417919,0.38
184,0,train,56.142014,0.17
184,1,train,55.360695,0.21
184,0,val,69.910355,0.38
184,1,val,57.664085,0.39
184,2,val,52.158405,0.40
184,3,val,30.571875,0.40
185,0,train,53.998859,0.23
185,1,train,44.049175,0.28
185,0,val,69.560692,0.48
185,1,val,57.849960,0.50
185,2,val,53.472961,0.51
185,3,val,30.039988,0.52
186,0,train,51.240295,0.15
186,1,train,33.722988,0.19
186,0,val,74.683952,0.36
186,1,val,58.035809,0.38
186,2,val,52.078030,0.40
186,3,val,30.113699,0.40
187,0,train,58.594120,0.16
187,1,train,75.902939,0.20
187,0,val,76.364815,0.37
187,1,val,58.429081,0.39
187,2,val,51.961529,0.40
187,3,val,32.106720,0.41
188,0,train,63.957741,0.18
188,1,train,67.549591,0.22
188,0,val,69.501678,0.43
188,1,val,58.379158,0.45
188,2,val,51.964291,0.46
188,3,val,29.693701,0.47
189,0,train,53.452087,0.18
189,1,train,59.309559,0.22
189,0,val,68.631874,0.34
189,1,val,57.735348,0.35
189,2,val,60.644238,0.36
189,3,val,30.318947,0.36
190,0,train,50.939323,0.13
190,1,train,54.825027,0.17
190,0,val,68.915092,0.28
190,1,val,57.784958,0.29
190,2,val,54.466167,0.29
190,3,val,30.504665,0.30
191,0,train,57.013371,0.12
191,1,train,37.599712,0.16
191,0,val,69.343552,0.30
191,1,val,58.165726,0.30
191,2,val,52.746632,0.31
191,3,val,33.147167,0.31
192,0,train,58.656372,0.13
192,1,train,39.765739,0.16
192,0,val,70.310997,0.29
192,1,val,64.901741,0.30
192,2,val,51.778313,0.30
192,3,val,30.798237,0.31
193,0,train,46.637428,0.12
193,1,train,49.763695,0.16
193,0,val,68.748909,0.27
193,1,val,57.446224,0.27
193,2,val,51.377079,0.28
193,3,val,29.982050,0.28
194,0,train,45.330849,0.16
194,1,train,57.581921,0.20
194,0,val,68.334457,0.35
194,1,val,66.081017,0.35
194,2,val,51.590538,0.37
194,3,val,29.880377,0.37
195,0,train,60.416401,0.13
195,1,train,35.082436,0.16
195,0,val,73.672302,0.27
195,1,val,57.609730,0.28
195,2,val,53.159630,0.28
195,3,val,29.839016,0.29
196,0,train,65.883003,0.15
196,1,train,60.161846,0.18
196,0,val,72.437035,0.30
196,1,val,58.023293,0.31
196,2,val,51.227150,0.31
196,3,val,34.418854,0.32
197,0,train,52.864651,0.13
197,1,train,42.641026,0.16
197,0,val,69.745850,0.31
197,1,val,57.380737,0.31
197,2,val,52.241302,0.33
197,3,val,30.180593,0.33
198,0,train,40.687145,0.12
198,1,train,57.822727,0.15
198,0,val,67.988075,0.31
198,1,val,58.974995,0.33
198,2,val,52.492657,0.33
198,3,val,38.030651,0.34
199,0,train,50.102863,0.12
199,1,train,80.205582,0.24
199,0,val,69.138367,0.38
199,1,val,56.613289,0.38
199,2,val,55.315472,0.39
199,3,val,29.838327,0.39
200,0,train,47.394371,0.13
200,1,train,71.910034,0.16
200,0,val,68.055305,0.28
200,1,val,58.656452,0.29
200,2,val,51.776562,0.29
200,3,val,52.967945,0.30
201,0,train,44.795197,0.12
201,1,train,51.937679,0.16
201,0,val,69.078369,0.29
201,1,val,57.603401,0.29
201,2,val,51.392052,0.30
201,3,val,29.830933,0.30
202,0,train,34.299408,0.12
202,1,train,54.705078,0.16
202,0,val,73.712494,0.27
202,1,val,58.208153,0.27
202,2,val,52.841766,0.28
202,3,val,32.977146,0.28
203,0,train,51.817406,0.13
203,1,train,44.032230,0.16
203,0,val,67.655174,0.27
203,1,val,58.376438,0.27
203,2,val,53.357212,0.28
203,3,val,30.507662,0.28
204,0,train,55.299923,0.12
204,1,train,44.803631,0.15
204,0,val,67.490685,0.26
204,1,val,64.535606,0.27
204,2,val,57.548302,0.27
204,3,val,31.530819,0.28
205,0,train,48.182674,0.12
205,1,train,51.686939,0.16
205,0,val,68.003601,0.27
205,1,val,56.845707,0.27
205,2,val,52.029293,0.28
205,3,val,30.158133,0.28
206,0,train,65.611191,0.16
206,1,train,43.419243,0.20
206,0,val,67.689438,0.34
206,1,val,58.914566,0.34
206,2,val,53.832455,0.35
206,3,val,36.325043,0.35
207,0,train,46.212196,0.12
207,1,train,52.512409,0.16
207,0,val,67.788643,0.30
207,1,val,56.291668,0.30
207,2,val,51.475052,0.30
207,3,val,33.025082,0.31
208,0,train,44.338356,0.13
208,1,train,37.479301,0.17
208,0,val,67.630478,0.28
208,1,val,57.468231,0.29
208,2,val,51.548351,0.29
208,3,val,29.751896,0.30
209,0,train,53.318085,0.20
209,1,train,42.969116,0.23
209,0,val,71.507927,0.36
209,1,val,60.764721,0.37
209,2,val,51.465755,0.37
209,3,val,31.727970,0.37
210,0,train,50.598286,0.17
210,1,train,55.074684,0.20
210,0,val,68.465103,0.38
210,1,val,57.052113,0.41
210,2,val,53.566692,0.42
210,3,val,30.400236,0.43
211,0,train,51.612411,0.17
211,1,train,29.021709,0.21
211,0,val,67.338814,0.43
211,1,val,57.253613,0.44
211,2,val,54.369862,0.45
211,3,val,29.747822,0.46
212,0,train,50.786705,0.17
212,1,train,52.834225,0.21
212,0,val,69.345551,0.39
212,1,val,57.872341,0.41
212,2,val,58.346748,0.41
212,3,val,30.382259,0.42
213,0,train,49.446091,0.15
213,1,train,51.121510,0.20
213,0,val,69.445374,0.45
213,1,val,58.533798,0.49
213,2,val,52.236351,0.51
213,3,val,30.969849,0.53
214,0,train,42.699440,0.15
214,1,train,63.745014,0.18
214,0,val,67.445251,0.36
214,1,val,57.433170,0.38
214,2,val,51.903084,0.40
214,3,val,43.392998,0.41
215,0,train,47.776062,0.16
215,1,train,62.668919,0.20
215,0,val,68.260460,0.49
215,1,val,60.247677,0.50
215,2,val,51.941628,0.51
215,3,val,29.972792,0.52
216,0,train,50.367882,0.17
216,1,train,70.956306,0.22
216,0,val,67.598396,0.45
216,1,val,56.325180,0.47
216,2,val,52.824261,0.48
216,3,val,31.853594,0.49
217,0,train,46.438431,0.15
217,1,train,38.040958,0.18
217,0,val,72.697784,0.38
217,1,val,59.873466,0.40
217,2,val,52.190887,0.40
217,3,val,31.849674,0.41
218,0,train,57.324463,0.22
218,1,train,37.622105,0.27
218,0,val,67.090134,0.46
218,1,val,58.850300,0.47
218,2,val,53.130516,0.47
218,3,val,29.620028,0.48
219,0,train,48.463734,0.16
219,1,train,70.652557,0.20
219,0,val,68.449997,0.40
219,1,val,56.324867,0.42
219,2,val,51.470493,0.43
219,3,val,29.263807,0.44
220,0,train,42.076885,0.13
220,1,train,40.310001,0.16
220,0,val,67.127052,0.28
220,1,val,62.436199,0.28
220,2,val,57.015648,0.29
220,3,val,29.282612,0.29
221,0,train,50.561111,0.15
221,1,train,31.961956,0.19
221,0,val,71.180481,0.30
221,1,val,59.616734,0.31
221,2,val,54.109673,0.31
221,3,val,29.684914,0.32
222,0,train,50.791397,0.12
222,1,train,48.865601,0.16
222,0,val,73.054970,0.27
222,1,val,55.933739,0.28
222,2,val,52.755646,0.29
222,3,val,30.356665,0.30
223,0,train,53.999065,0.14
223,1,train,31.717529,0.18
223,0,val,73.766907,0.32
223,1,val,55.521744,0.33
223,2,val,51.582329,0.34
223,3,val,29.669209,0.34
224,0,train,40.860588,0.13
224,1,train,52.153698,0.16
224,0,val,73.528267,0.28
224,1,val,56.939320,0.28
224,2,val,52.208920,0.29
224,3,val,30.511328,0.29
225,0,train,36.644402,0.12
225,1,train,46.214588,0.16
225,0,val,66.529747,0.31
225,1,val,56.652340,0.33
225,2,val,50.926788,0.33
225,3,val,29.846895,0.34
226,0,train,54.755142,0.13
226,1,train,42.468670,0.17
226,0,val,68.563019,0.30
226,1,val,58.163731,0.31
226,2,val,53.803455,0.31
226,3,val,29.946682,0.32
227,0,train,46.998863,0.14
227,1,train,51.951195,0.19
227,0,val,66.538368,0.30
227,1,val,64.288033,0.31
227,2,val,58.647655,0.31
227,3,val,30.494333,0.32
228,0,train,53.529060,0.12
228,1,train,60.493656,0.15
228,0,val,67.905609,0.26
228,1,val,63.731419,0.27
228,2,val,53.991051,0.27
228,3,val,32.374580,0.28
229,0,train,44.042618,0.12
229,1,train,60.683739,0.16
229,0,val,67.362823,0.27
229,1,val,56.738476,0.27
229,2,val,51.340813,0.28
229,3,val,33.826633,0.28
230,0,train,44.079720,0.13
230,1,train,47.407772,0.17
230,0,val,69.431999,0.28
230,1,val,58.675697,0.29
230,2,val,50.760372,0.29
230,3,val,30.794247,0.30
231,0,train,46.292267,0.13
231,1,train,28.412106,0.16
231,0,val,77.400635,0.28
231,1,val,56.099514,0.28
231,2,val,50.817547,0.29
231,3,val,31.118826,0.29
232,0,train,57.630295,0.12
232,1,train,37.376842,0.16
232,0,val,65.939285,0.27
232,1,val,55.803459,0.27
232,2,val,52.130550,0.28
232,3,val,29.514521,0.28
233,0,train,50.057400,0.13
233,1,train,59.769958,0.16
233,0,val,65.706238,0.29
233,1,val,55.548542,0.30
233,2,val,53.003448,0.30
233,3,val,31.331820,0.31
234,0,train,47.094719,0.13
234,1,train,28.493256,0.17
234,0,val,65.788429,0.30
234,1,val,56.294788,0.31
234,2,val,54.978447,0.31
234,3,val,49.739014,0.32
235,0,train,62.494003,0.17
235,1,train,42.013027,0.21
235,0,val,65.762634,0.32
235,1,val,55.564205,0.33
235,2,val,51.478306,0.33
235,3,val,30.190031,0.33
236,0,train,31.919712,0.16
236,1,train,36.827068,0.20
236,0,val,68.249084,0.32
236,1,val,61.476887,0.34
236,2,val,51.499531,0.35
236,3,val,32.519707,0.37
237,0,train,44.105221,0.13
237,1,train,52.263863,0.17
237,0,val,65.420700,0.29
237,1,val,57.859436,0.29
237,2,val,53.966301,0.30
237,3,val,30.973145,0.30
238,0,train,42.868263,0.13
238,1,train,35.836411,0.16
238,0,val,66.721901,0.28
238,1,val,55.131374,0.28
238,2,val,51.131252,0.29
238,3,val,30.028297,0.29
239,0,train,46.907093,0.16
239,1,train,29.659508,0.19
239,0,val,67.419693,0.34
239,1,val,54.692764,0.34
239,2,val,58.869766,0.35
239,3,val,30.285397,0.36
240,0,train,53.106979,0.17
240,1,train,41.902355,0.20
240,0,val,65.849464,0.36
240,1,val,56.945160,0.38
240,2,val,49.987228,0.39
240,3,val,32.017487,0.40
241,0,train,52.793221,0.15
241,1,train,44.065678,0.18
241,0,val,69.624466,0.36
241,1,val,58.168179,0.39
241,2,val,51.261471,0.39
241,3,val,29.916054,0.40
242,0,train,49.405449,0.16
242,1,train,46.247299,0.20
242,0,val,70.426949,0.35
242,1,val,55.375122,0.37
242,2,val,50.347363,0.38
242,3,val,30.871689,0.39
243,0,train,42.610447,0.18
243,1,train,69.762955,0.21
243,0,val,67.783859,0.42
243,1,val,54.673428,0.44
243,2,val,50.420734,0.44
243,3,val,30.074835,0.45
244,0,train,57.591179,0.23
244,1,train,50.679249,0.28
244,0,val,65.422028,0.46
244,1,val,58.088997,0.48
244,2,val,52.196587,0.49
244,3,val,29.961143,0.50
245,0,train,42.171158,0.14
245,1,train,20.655828,0.19
245,0,val,65.776772,0.41
245,1,val,54.759575,0.43
245,2,val,50.217354,0.44
245,3,val,30.324053,0.45
246,0,train,59.866890,0.19
246,1,train,66.100494,0.24
246,0,val,65.988350,0.50
246,1,val,54.838425,0.53
246,2,val,50.526657,0.54
246,3,val,30.452715,0.54
247,0,train,66.694656,0.17
247,1,train,44.175400,0.21
247,0,val,67.002037,0.40
247,1,val,54.479340,0.43
247,2,val,54.380108,0.45
247,3,val,30.442039,0.46
248,0,train,40.103390,0.16
248,1,train,45.925163,0.19
248,0,val,68.797577,0.39
248,1,val,54.997051,0.42
248,2,val,52.849251,0.43
248,3,val,30.513851,0.43
249,0,train,48.002197,0.15
249,1,train,50.852245,0.18
249,0,val,66.226135,0.37
249,1,val,58.334709,0.38
249,2,val,50.319874,0.39
249,3,val,35.183884,0.40
250,0,train,40.721291,0.13
250,1,train,58.207100,0.16
250,0,val,64.602654,0.28
250,1,val,55.345665,0.28
250,2,val,51.844631,0.29
250,3,val,31.337572,0.29
251,0,train,50.655495,0.12
251,1,train,40.430107,0.15
251,0,val,64.535484,0.27
251,1,val,57.012871,0.27
251,2,val,50.215267,0.28
251,3,val,31.166164,0.29
252,0,train,58.317863,0.13
252,1,train,69.318474,0.16
252,0,val,64.783012,0.27
252,1,val,57.694874,0.28
252,2,val,50.322479,0.28
252,3,val,30.078238,0.29
253,0,train,44.101490,0.12
253,1,train,31.498310,0.16
253,0,val,65.116180,0.27
253,1,val,54.930569,0.27
253,2,val,53.221008,0.28
253,3,val,34.973438,0.28
254,0,train,35.346512,0.12
254,1,train,34.019909,0.16
254,0,val,83.137520,0.30
254,1,val,55.310902,0.31
254,2,val,50.986938,0.32
254,3,val,35.546654,0.34
255,0,train,50.377975,0.13
255,1,train,44.924358,0.16
255,0,val,66.335815,0.28
255,1,val,55.217968,0.29
255,2,val,55.510101,0.29
255,3,val,30.181763,0.30
256,0,train,62.036873,0.12
256,1,train,39.662560,0.16
256,0,val,65.221992,0.31
256,1,val,55.287960,0.32
256,2,val,52.253483,0.33
256,3,val,29.207458,0.34
257,0,train,54.960941,0.13
257,1,train,60.907608,0.16
257,0,val,65.341217,0.34
257,1,val,55.396667,0.35
257,2,val,52.039150,0.35
257,3,val,29.867939,0.36
258,0,train,45.079456,0.12
258,1,train,42.682373,0.16
258,0,val,64.849617,0.29
258,1,val,55.784439,0.30
258,2,val,56.541058,0.30
258,3,val,29.731985,0.32
259,0,train,61.068146,0.13
259,1,train,48.427937,0.16
259,0,val,65.329132,0.28
259,1,val,56.718651,0.28
259,2,val,52.206623,0.29
259,3,val,35.012905,0.29
260,0,train,45.383759,0.15
260,1,train,57.466438,0.18
260,0,val,66.279686,0.32
260,1,val,55.732700,0.33
260,2,val,54.403728,0.33
260,3,val,30.543058,0.35
261,0,train,46.364777,0.14
261,1,train,34.253059,0.17
261,0,val,66.662300,0.31
261,1,val,55.587013,0.31
261,2,val,52.824299,0.32
261,3,val,29.375919,0.32
262,0,train,46.520912,0.13
262,1,train,52.959511,0.17
262,0,val,67.457695,0.28
262,1,val,54.932552,0.28
262,2,val,50.129982,0.29
262,3,val,30.187140,0.29
263,0,train,39.289970,0.12
263,1,train,52.538525,0.16
263,0,val,65.384003,0.27
263,1,val,54.897751,0.27
263,2,val,50.740334,0.28
263,3,val,29.048439,0.28
264,0,train,41.685318,0.19
264,1,train,39.219643,0.26
264,0,val,66.628807,0.38
264,1,val,56.227322,0.38
264,2,val,51.011642,0.39
264,3,val,29.539660,0.39
265,0,train,39.195862,0.12
265,1,train,44.427929,0.15
265,0,val,64.762260,0.28
265,1,val,56.419025,0.29
265,2,val,51.238235,0.29
265,3,val,30.065905,0.30
266,0,train,33.100689,0.13
266,1,train,32.842030,0.16
266,0,val,71.995171,0.29
266,1,val,56.268147,0.30
266,2,val,52.511433,0.31
266,3,val,31.004601,0.32
267,0,train,41.482315,0.14
267,1,train,38.150555,0.18
267,0,val,64.525871,0.29
267,1,val,57.052505,0.30
267,2,val,51.983879,0.30
267,3,val,45.416801,0.31
268,0,train,41.887596,0.12
268,1,train,41.879349,0.16
268,0,val,67.631775,0.27
268,1,val,55.261147,0.28
268,2,val,51.094688,0.28
268,3,val,30.850368,0.29
269,0,train,52.779472,0.16
269,1,train,53.981659,0.19
269,0,val,66.662521,0.32
269,1,val,55.462708,0.32
269,2,val,50.645035,0.33
269,3,val,47.033279,0.33
270,0,train,43.387939,0.13
270,1,train,53.459389,0.16
270,0,val,67.004471,0.27
270,1,val,54.680676,0.27
270,2,val,51.264065,0.28
270,3,val,30.195515,0.28
271,0,train,42.762699,0.12
271,1,train,33.081928,0.16
271,0,val,67.306816,0.28
271,1,val,55.761772,0.29
271,2,val,50.374428,0.29
271,3,val,36.700729,0.30
272,0,train,56.824112,0.12
272,1,train,37.982449,0.16
272,0,val,64.005020,0.27
272,1,val,54.874111,0.27
272,2,val,49.595806,0.28
272,3,val,33.186127,0.28
273,0,train,39.556465,0.12
273,1,train,31.642084,0.15
273,0,val,66.365547,0.26
273,1,val,54.588856,0.27
273,2,val,51.600872,0.27
273,3,val,29.859745,0.28
274,0,train,56.377350,0.17
274,1,train,59.029270,0.21
274,0,val,71.110710,0.41
274,1,val,56.210258,0.42
274,2,val,51.539169,0.43
274,3,val,30.054115,0.43
275,0,train,37.269798,0.26
275,1,train,40.972206,0.30
275,0,val,65.146057,0.48
275,1,val,56.217670,0.50
275,2,val,51.490715,0.50
275,3,val,31.665810,0.51
276,0,train,42.110382,0.15
276,1,train,50.289120,0.22
276,0,val,64.134201,0.49
276,1,val,54.750366,0.53
276,2,val,50.535473,0.54
276,3,val,35.424091,0.55
277,0,train,58.676453,0.26
277,1,train,28.315863,0.33
277,0,val,64.964622,0.51
277,1,val,61.905525,0.53
277,2,val,52.416992,0.53
277,3,val,31.744848,0.54
278,0,train,45.264900,0.23
278,1,train,56.204403,0.27
278,0,val,69.278633,0.47
278,1,val,56.881504,0.49
278,2,val,52.524364,0.50
278,3,val,29.545631,0.50
279,0,train,52.308472,0.20
279,1,train,40.398106,0.26
279,0,val,64.479752,0.49
279,1,val,55.054459,0.51
279,2,val,51.035881,0.51
279,3,val,34.754978,0.52
280,0,train,37.747887,0.21
280,1,train,43.516453,0.25
280,0,val,65.441284,0.48
280,1,val,56.333527,0.49
280,2,val,50.932835,0.50
280,3,val,31.849504,0.50
281,0,train,39.580040,0.23
281,1,train,31.603735,0.28
281,0,val,77.554329,0.46
281,1,val,56.298733,0.48
281,2,val,61.078300,0.49
281,3,val,31.260878,0.50
282,0,train,52.002769,0.17
282,1,train,50.036324,0.22
282,0,val,64.601540,0.41
282,1,val,56.138660,0.43
282,2,val,55.302090,0.44
282,3,val,30.910931,0.44
283,0,train,42.883003,0.17
283,1,train,55.607567,0.21
283,0,val,77.188622,0.38
283,1,val,54.637657,0.39
283,2,val,51.416294,0.40
283,3,val,30.130795,0.40
284,0,train,52.349518,0.15
284,1,train,49.242310,0.19
284,0,val,63.203861,0.33
284,1,val,55.252319,0.34
284,2,val,50.611397,0.35
284,3,val,29.649504,0.36
285,0,train,48.567352,0.14
285,1,train,30.537592,0.17
285,0,val,63.836868,0.33
285,1,val,55.395817,0.36
285,2,val,55.239281,0.37
285,3,val,30.600409,0.37
286,0,train,54.226894,0.12
286,1,train,63.858295,0.16
286,0,val,63.515224,0.29
286,1,val,53.958782,0.29
286,2,val,54.051662,0.30
286,3,val,29.494097,0.30
287,0,train,36.882660,0.12
287,1,train,54.062096,0.16
287,0,val,68.346977,0.28
287,1,val,53.386990,0.29
287,2,val,52.996758,0.30
287,3,val,29.236517,0.31
288,0,train,48.817272,0.15
288,1,train,56.143677,0.19
288,0,val,63.331852,0.30
288,1,val,55.991432,0.31
288,2,val,50.351009,0.31
288,3,val,31.511835,0.32
289,0,train,40.228325,0.12
289,1,train,63.362946,0.15
289,0,val,66.334259,0.27
289,1,val,54.445927,0.27
289,2,val,51.184868,0.28
289,3,val,28.547531,0.28
290,0,train,48.250313,0.14
290,1,train,61.713745,0.17
290,0,val,65.046791,0.28
290,1,val,54.527180,0.29
290,2,val,50.314358,0.29
290,3,val,30.391676,0.30
291,0,train,40.141914,0.12
291,1,train,48.799435,0.15
291,0,val,63.653236,0.26
291,1,val,54.366348,0.27
291,2,val,51.759182,0.27
291,3,val,29.834633,0.28
292,0,train,40.326946,0.12
292,1,train,44.781944,0.15
292,0,val,63.221088,0.27
292,1,val,55.429054,0.27
292,2,val,50.313107,0.27
292,3,val,29.582129,0.28
293,0,train,33.189163,0.15
293,1,train,43.984901,0.20
293,0,val,63.083557,0.31
293,1,val,54.383781,0.32
293,2,val,51.614666,0.32
293,3,val,41.428928,0.33
294,0,train,48.414375,0.13
294,1,train,40.070446,0.16
294,0,val,67.347771,0.28
294,1,val,54.797970,0.29
294,2,val,52.843517,0.29
294,3,val,29.615347,0.30
295,0,train,47.943565,0.12
295,1,train,46.788292,0.17
295,0,val,65.164528,0.30
295,1,val,55.822525,0.31
295,2,val,52.650047,0.31
295,3,val,29.362520,0.32
296,0,train,37.995346,0.13
296,1,train,56.099419,0.17
296,0,val,63.009693,0.28
296,1,val,62.693314,0.28
296,2,val,51.022549,0.29
296,3,val,30.204567,0.29
297,0,train,47.564495,0.12
297,1,train,52.285503,0.15
297,0,val,62.970543,0.27
297,1,val,56.252522,0.28
297,2,val,50.630920,0.28
297,3,val,38.168530,0.28
298,0,train,43.335236,0.14
298,1,train,30.406507,0.17
298,0,val,62.880024,0.31
298,1,val,55.290874,0.32
298,2,val,50.732803,0.33
298,3,val,29.318668,0.34
299,0,train,45.637436,0.15
299,1,train,33.913010,0.27
299,0,val,64.850639,0.42
299,1,val,54.234886,0.43
299,2,val,50.745876,0.43
299,3,val,31.496511,0.43
